// Jest Snapshot v1, https://goo.gl/fbAQLP

exports[`Home Renderizando a página inicial 1`] = `
<div>
  <main
    class="flex min-h-screen flex-col items-center justify-center"
  >
    <div
      class="flex justify-between flex-row items-center"
    >
      <div
        class="MuiBox-root css-1tylbmg"
      >
        <div
          class="MuiStepper-root MuiStepper-horizontal css-1a9jkgz-MuiStepper-root"
        >
          <div
            class="MuiStep-root MuiStep-horizontal css-nd0xiu-MuiStep-root"
          >
            <span
              class="MuiStepLabel-root MuiStepLabel-horizontal css-ascpo7-MuiStepLabel-root"
            >
              <span
                class="MuiStepLabel-iconContainer Mui-active css-vnkopk-MuiStepLabel-iconContainer"
              >
                <svg
                  aria-hidden="true"
                  class="MuiSvgIcon-root MuiSvgIcon-fontSizeMedium MuiStepIcon-root Mui-active css-nwqhv8-MuiSvgIcon-root-MuiStepIcon-root"
                  focusable="false"
                  viewBox="0 0 24 24"
                >
                  <circle
                    cx="12"
                    cy="12"
                    r="12"
                  />
                  <text
                    class="MuiStepIcon-text css-117w1su-MuiStepIcon-text"
                    dominant-baseline="central"
                    text-anchor="middle"
                    x="12"
                    y="12"
                  >
                    1
                  </text>
                </svg>
              </span>
              <span
                class="MuiStepLabel-labelContainer css-1vyamtt-MuiStepLabel-labelContainer"
              />
            </span>
          </div>
          <div
            class="MuiStepConnector-root MuiStepConnector-horizontal Mui-disabled css-j5w0w9-MuiStepConnector-root"
          >
            <span
              class="MuiStepConnector-line MuiStepConnector-lineHorizontal css-1qv8q39-MuiStepConnector-line"
            />
          </div>
          <div
            class="MuiStep-root MuiStep-horizontal css-nd0xiu-MuiStep-root"
          >
            <span
              class="MuiStepLabel-root MuiStepLabel-horizontal Mui-disabled css-ascpo7-MuiStepLabel-root"
            >
              <span
                class="MuiStepLabel-iconContainer Mui-disabled css-vnkopk-MuiStepLabel-iconContainer"
              >
                <svg
                  aria-hidden="true"
                  class="MuiSvgIcon-root MuiSvgIcon-fontSizeMedium MuiStepIcon-root css-nwqhv8-MuiSvgIcon-root-MuiStepIcon-root"
                  focusable="false"
                  viewBox="0 0 24 24"
                >
                  <circle
                    cx="12"
                    cy="12"
                    r="12"
                  />
                  <text
                    class="MuiStepIcon-text css-117w1su-MuiStepIcon-text"
                    dominant-baseline="central"
                    text-anchor="middle"
                    x="12"
                    y="12"
                  >
                    2
                  </text>
                </svg>
              </span>
              <span
                class="MuiStepLabel-labelContainer css-1vyamtt-MuiStepLabel-labelContainer"
              />
            </span>
          </div>
          <div
            class="MuiStepConnector-root MuiStepConnector-horizontal Mui-disabled css-j5w0w9-MuiStepConnector-root"
          >
            <span
              class="MuiStepConnector-line MuiStepConnector-lineHorizontal css-1qv8q39-MuiStepConnector-line"
            />
          </div>
          <div
            class="MuiStep-root MuiStep-horizontal css-nd0xiu-MuiStep-root"
          >
            <span
              class="MuiStepLabel-root MuiStepLabel-horizontal Mui-disabled css-ascpo7-MuiStepLabel-root"
            >
              <span
                class="MuiStepLabel-iconContainer Mui-disabled css-vnkopk-MuiStepLabel-iconContainer"
              >
                <svg
                  aria-hidden="true"
                  class="MuiSvgIcon-root MuiSvgIcon-fontSizeMedium MuiStepIcon-root css-nwqhv8-MuiSvgIcon-root-MuiStepIcon-root"
                  focusable="false"
                  viewBox="0 0 24 24"
                >
                  <circle
                    cx="12"
                    cy="12"
                    r="12"
                  />
                  <text
                    class="MuiStepIcon-text css-117w1su-MuiStepIcon-text"
                    dominant-baseline="central"
                    text-anchor="middle"
                    x="12"
                    y="12"
                  >
                    3
                  </text>
                </svg>
              </span>
              <span
                class="MuiStepLabel-labelContainer css-1vyamtt-MuiStepLabel-labelContainer"
              />
            </span>
          </div>
          <div
            class="MuiStepConnector-root MuiStepConnector-horizontal Mui-disabled css-j5w0w9-MuiStepConnector-root"
          >
            <span
              class="MuiStepConnector-line MuiStepConnector-lineHorizontal css-1qv8q39-MuiStepConnector-line"
            />
          </div>
          <div
            class="MuiStep-root MuiStep-horizontal css-nd0xiu-MuiStep-root"
          >
            <span
              class="MuiStepLabel-root MuiStepLabel-horizontal Mui-disabled css-ascpo7-MuiStepLabel-root"
            >
              <span
                class="MuiStepLabel-iconContainer Mui-disabled css-vnkopk-MuiStepLabel-iconContainer"
              >
                <svg
                  aria-hidden="true"
                  class="MuiSvgIcon-root MuiSvgIcon-fontSizeMedium MuiStepIcon-root css-nwqhv8-MuiSvgIcon-root-MuiStepIcon-root"
                  focusable="false"
                  viewBox="0 0 24 24"
                >
                  <circle
                    cx="12"
                    cy="12"
                    r="12"
                  />
                  <text
                    class="MuiStepIcon-text css-117w1su-MuiStepIcon-text"
                    dominant-baseline="central"
                    text-anchor="middle"
                    x="12"
                    y="12"
                  >
                    4
                  </text>
                </svg>
              </span>
              <span
                class="MuiStepLabel-labelContainer css-1vyamtt-MuiStepLabel-labelContainer"
              />
            </span>
          </div>
          <div
            class="MuiStepConnector-root MuiStepConnector-horizontal Mui-disabled css-j5w0w9-MuiStepConnector-root"
          >
            <span
              class="MuiStepConnector-line MuiStepConnector-lineHorizontal css-1qv8q39-MuiStepConnector-line"
            />
          </div>
          <div
            class="MuiStep-root MuiStep-horizontal css-nd0xiu-MuiStep-root"
          >
            <span
              class="MuiStepLabel-root MuiStepLabel-horizontal Mui-disabled css-ascpo7-MuiStepLabel-root"
            >
              <span
                class="MuiStepLabel-iconContainer Mui-disabled css-vnkopk-MuiStepLabel-iconContainer"
              >
                <svg
                  aria-hidden="true"
                  class="MuiSvgIcon-root MuiSvgIcon-fontSizeMedium MuiStepIcon-root css-nwqhv8-MuiSvgIcon-root-MuiStepIcon-root"
                  focusable="false"
                  viewBox="0 0 24 24"
                >
                  <circle
                    cx="12"
                    cy="12"
                    r="12"
                  />
                  <text
                    class="MuiStepIcon-text css-117w1su-MuiStepIcon-text"
                    dominant-baseline="central"
                    text-anchor="middle"
                    x="12"
                    y="12"
                  >
                    5
                  </text>
                </svg>
              </span>
              <span
                class="MuiStepLabel-labelContainer css-1vyamtt-MuiStepLabel-labelContainer"
              />
            </span>
          </div>
        </div>
      </div>
    </div>
    <div
      class="flex items-center my-12"
    >
      <div
        class="py-2 px-2 md:px-12 rounded-full text-center"
      >
        <h2
          class="MuiTypography-root MuiTypography-h2 css-12vu8f8-MuiTypography-root"
        >
          Como você está se sentindo agora?
        </h2>
      </div>
    </div>
    <div
      class="my-4 flex flex-wrap gap-4 justify-center max-w-2xl"
    >
      <button
        class="MuiButtonBase-root MuiButton-root MuiButton-contained MuiButton-containedPrimary MuiButton-sizeLarge MuiButton-containedSizeLarge MuiButton-colorPrimary MuiButton-root MuiButton-contained MuiButton-containedPrimary MuiButton-sizeLarge MuiButton-containedSizeLarge MuiButton-colorPrimary css-1r976ha-MuiButtonBase-root-MuiButton-root"
        tabindex="0"
        type="button"
      >
        Feliz
      </button>
      <button
        class="MuiButtonBase-root MuiButton-root MuiButton-contained MuiButton-containedPrimary MuiButton-sizeLarge MuiButton-containedSizeLarge MuiButton-colorPrimary MuiButton-root MuiButton-contained MuiButton-containedPrimary MuiButton-sizeLarge MuiButton-containedSizeLarge MuiButton-colorPrimary css-1r976ha-MuiButtonBase-root-MuiButton-root"
        tabindex="0"
        type="button"
      >
        Triste
      </button>
      <button
        class="MuiButtonBase-root MuiButton-root MuiButton-contained MuiButton-containedPrimary MuiButton-sizeLarge MuiButton-containedSizeLarge MuiButton-colorPrimary MuiButton-root MuiButton-contained MuiButton-containedPrimary MuiButton-sizeLarge MuiButton-containedSizeLarge MuiButton-colorPrimary css-1r976ha-MuiButtonBase-root-MuiButton-root"
        tabindex="0"
        type="button"
      >
        Ansioso
      </button>
      <button
        class="MuiButtonBase-root MuiButton-root MuiButton-contained MuiButton-containedPrimary MuiButton-sizeLarge MuiButton-containedSizeLarge MuiButton-colorPrimary MuiButton-root MuiButton-contained MuiButton-containedPrimary MuiButton-sizeLarge MuiButton-containedSizeLarge MuiButton-colorPrimary css-1r976ha-MuiButtonBase-root-MuiButton-root"
        tabindex="0"
        type="button"
      >
        Bem animado
      </button>
      <button
        class="MuiButtonBase-root MuiButton-root MuiButton-contained MuiButton-containedPrimary MuiButton-sizeLarge MuiButton-containedSizeLarge MuiButton-colorPrimary MuiButton-root MuiButton-contained MuiButton-containedPrimary MuiButton-sizeLarge MuiButton-containedSizeLarge MuiButton-colorPrimary css-1r976ha-MuiButtonBase-root-MuiButton-root"
        tabindex="0"
        type="button"
      >
        Entediado
      </button>
    </div>
    <div
      class="flex items-center my-12"
    >
      <div
        class="text-center text-slate-700"
      >
        <p
          class="MuiTypography-root MuiTypography-body1 css-1edfpdg-MuiTypography-root"
        >
          teste 123
        </p>
      </div>
    </div>
    <div
      class="flex flex-row items-center justify-center w-6/12 space-x-4"
    >
      <div
        class="hidden"
      >
        <div
          class="w-full flex flex-col justify-center items-center"
        >
          <button
            class="MuiButtonBase-root MuiButton-root MuiButton-contained MuiButton-containedPrimary MuiButton-sizeLarge MuiButton-containedSizeLarge MuiButton-colorPrimary MuiButton-root MuiButton-contained MuiButton-containedPrimary MuiButton-sizeLarge MuiButton-containedSizeLarge MuiButton-colorPrimary css-1r976ha-MuiButtonBase-root-MuiButton-root"
            tabindex="0"
            type="button"
          >
            <svg
              aria-hidden="true"
              class="MuiSvgIcon-root MuiSvgIcon-fontSizeMedium css-20bmp1-MuiSvgIcon-root"
              data-testid="UndoIcon"
              focusable="false"
              viewBox="0 0 24 24"
            >
              <path
                d="M12.5 8c-2.65 0-5.05.99-6.9 2.6L2 7v9h9l-3.62-3.62c1.39-1.16 3.16-1.88 5.12-1.88 3.54 0 6.55 2.31 7.6 5.5l2.37-.78C21.08 11.03 17.15 8 12.5 8"
              />
            </svg>
          </button>
        </div>
      </div>
    </div>
  </main>
</div>
`;
