// Jest Snapshot v1, https://goo.gl/fbAQLP

exports[`Steps quero renderizar o component de steps inicialmente 1`] = `
<div>
  <div
    class="flex flex-row justify-center items-center"
  >
    <div
      class="size-10 md:size-16 xl:size-18 rounded-full  
          inline-flex items-center justify-center  
          text-white text-[24px] font-bold bg-pink-600"
    >
      1
    </div>
  </div>
</div>
`;
