// Jest Snapshot v1, https://goo.gl/fbAQLP

exports[`Description renderizar o component Description 1`] = `
<div>
  <div
    class="text-center text-slate-700"
  >
    <p
      class="MuiTypography-root MuiTypography-body1 css-1edfpdg-MuiTypography-root"
    >
      batatinha
    </p>
  </div>
</div>
`;
